loading graph...
seed 0...
seed 1...
seed 2...
seed 3...
seed 4...
{
  "connectome_signed": {
    "mean_acc": 0.5444444444444445,
    "std": 0.19404721329525534,
    "ci95": 0.17008988183085602,
    "n": 5
  },
  "connectome_abs": {
    "mean_acc": 0.5666666666666667,
    "std": 0.20934937423796415,
    "ci95": 0.1835028172825074,
    "n": 5
  },
  "er_null": {
    "mean_acc": 0.5555555555555556,
    "std": 0.19641855032959654,
    "ci95": 0.1721684503869451,
    "n": 5
  },
  "degree_shuffle": {
    "mean_acc": 0.5555555555555556,
    "std": 0.19641855032959654,
    "ci95": 0.1721684503869451,
    "n": 5
  },
  "mlp": {
    "mean_acc": 0.9444444444444443,
    "std": 0.039283710065919325,
    "ci95": 0.034433690077389036,
    "n": 5
  }
}
validity {'chance': 0.25, 'nulls_near_chance': False, 'not_ceiling': True, 'valid_for_claims': False}
WROTE /home/ubuntu/fly-lab/experiments/results/e1_pilot.json
