{"outdir": "/home/ubuntu/fly-lab/research/results/MOTIF-MINE-005/FULL_20260916T212407Z_2ddf9b49748e", "mode": "full", "graph_diag": {"n_nodes": 500, "n_edges": 23704, "self_loops": 0, "duplicate_edges": 0, "in_degree": [15, 21, 102, 25, 39, 60, 6, 77, 58, 73, 236, 57, 12, 43, 75, 49, 89, 21, 210, 17, 45, 59, 116, 50, 93, 66, 38, 40, 45, 49, 21, 65, 172, 69, 59, 34, 20, 78, 50, 59, 6, 96, 44, 34, 38, 22, 61, 44, 32, 17, 21, 132, 21, 31, 45, 153, 31, 78, 87, 177, 113, 26, 25, 37, 64, 57, 31, 36, 44, 33, 40, 41, 5, 30, 53, 20, 34, 27, 62, 57, 60, 27, 32, 36, 16, 16, 241, 39, 8, 105, 33, 78, 77, 40, 13, 54, 52, 34, 26, 29, 31, 13, 32, 33, 27, 28, 67, 88, 80, 20, 49, 70, 54, 46, 45, 50, 61, 28, 17, 48, 20, 60, 33, 78, 15, 22, 77, 37, 42, 7, 153, 107, 12, 22, 150, 42, 29, 15, 15, 21, 49, 18, 29, 28, 22, 57, 30, 91, 36, 23, 58, 19, 35, 46, 45, 50, 30, 50, 60, 47, 19, 86, 31, 107, 48, 36, 47, 42, 60, 69, 95, 33, 85, 48, 29, 85, 85, 44, 67, 44, 46, 20, 87, 44, 46, 42, 151, 33, 35, 65, 135, 35, 26, 24, 47, 114, 38, 13, 59, 26, 17, 50, 140, 31, 47, 39, 14, 60, 42, 21, 59, 148, 32, 33, 33, 47, 38, 31, 25, 28, 31, 63, 136, 36, 31, 36, 47, 14, 69, 26, 61, 85, 25, 38, 37, 35, 44, 74, 48, 88, 74, 27, 27, 14, 36, 108, 43, 49, 26, 115, 23, 81, 119, 12, 31, 27, 19, 17, 58, 75, 105, 18, 34, 16, 31, 50, 41, 33, 79, 44, 95, 110, 120, 43, 26, 61, 49, 37, 26, 106, 31, 75, 30, 45, 27, 34, 122, 12, 17, 9, 76, 17, 98, 12, 24, 6, 27, 30, 91, 39, 36, 106, 41, 9, 35, 40, 6, 89, 75, 48, 99, 127, 41, 18, 87, 5, 19, 84, 41, 26, 14, 18, 75, 42, 9, 26, 26, 89, 21, 82, 44, 41, 37, 75, 30, 109, 12, 6, 37, 34, 30, 99, 40, 22, 19, 78, 21, 11, 17, 47, 17, 32, 18, 75, 38, 31, 32, 18, 32, 85, 31, 22, 50, 16, 19, 52, 7, 19, 35, 37, 62, 11, 26, 29, 103, 23, 19, 25, 30, 51, 28, 17, 50, 37, 31, 34, 32, 18, 32, 16, 26, 14, 30, 31, 60, 34, 46, 53, 21, 63, 99, 20, 41, 38, 44, 29, 26, 98, 26, 23, 38, 24, 18, 23, 25, 69, 24, 68, 34, 64, 18, 73, 108, 90, 84, 43, 8, 38, 15, 18, 23, 36, 32, 24, 34, 19, 39, 20, 87, 20, 40, 80, 73, 73, 20, 43, 44, 86, 79, 49, 52, 30, 14, 17, 89, 133, 43, 38, 13, 14, 64, 87, 16, 45, 46, 17, 53, 206, 105, 18, 146, 30, 17, 132, 9, 33, 67, 23, 26, 16, 16, 40, 49, 40, 9, 43, 43, 22, 20, 37, 26, 20, 23, 24, 40, 18, 25, 8, 25, 36], "out_degree": [34, 32, 122, 37, 55, 61, 9, 80, 77, 86, 156, 61, 53, 52, 90, 49, 68, 35, 145, 21, 70, 56, 133, 102, 73, 75, 44, 94, 52, 49, 20, 71, 111, 99, 90, 68, 29, 69, 54, 68, 11, 87, 57, 46, 56, 21, 64, 76, 59, 25, 55, 100, 22, 43, 46, 100, 30, 67, 78, 128, 82, 36, 44, 62, 82, 51, 38, 38, 72, 45, 54, 51, 10, 40, 62, 21, 70, 31, 103, 60, 65, 23, 45, 37, 23, 45, 172, 32, 13, 82, 81, 86, 53, 66, 24, 57, 72, 49, 36, 46, 44, 18, 52, 68, 64, 37, 67, 95, 67, 29, 48, 59, 53, 35, 40, 53, 46, 38, 53, 53, 22, 28, 49, 54, 25, 64, 81, 49, 83, 9, 117, 58, 16, 37, 83, 56, 34, 13, 40, 23, 52, 20, 36, 29, 94, 56, 17, 60, 44, 18, 74, 25, 41, 45, 58, 45, 40, 51, 37, 39, 44, 61, 41, 77, 45, 77, 53, 56, 76, 83, 61, 52, 66, 54, 76, 66, 74, 58, 70, 55, 61, 42, 74, 63, 41, 65, 104, 52, 36, 71, 85, 26, 71, 70, 46, 54, 60, 17, 45, 29, 17, 43, 103, 22, 59, 54, 13, 66, 43, 33, 62, 109, 40, 53, 20, 55, 50, 20, 31, 42, 44, 36, 81, 60, 40, 42, 47, 17, 67, 16, 50, 63, 39, 50, 45, 30, 59, 62, 55, 99, 43, 36, 39, 20, 31, 63, 55, 50, 66, 93, 21, 68, 65, 15, 101, 29, 28, 19, 38, 55, 97, 22, 37, 17, 64, 40, 28, 44, 74, 34, 84, 54, 63, 34, 32, 56, 34, 47, 49, 103, 41, 71, 44, 56, 55, 37, 60, 16, 16, 34, 47, 20, 58, 12, 25, 12, 29, 51, 69, 38, 32, 101, 36, 13, 34, 36, 15, 62, 73, 43, 79, 67, 50, 22, 52, 13, 29, 55, 41, 32, 15, 22, 46, 53, 11, 35, 27, 40, 16, 64, 48, 44, 59, 53, 32, 88, 34, 21, 55, 37, 62, 63, 46, 21, 22, 59, 24, 15, 20, 33, 21, 48, 21, 45, 38, 54, 32, 25, 35, 70, 46, 32, 42, 30, 23, 52, 17, 21, 42, 39, 50, 21, 27, 36, 72, 38, 27, 30, 35, 45, 25, 23, 42, 40, 34, 34, 38, 21, 39, 25, 21, 19, 31, 34, 32, 31, 47, 36, 23, 66, 81, 27, 51, 17, 22, 29, 40, 70, 24, 36, 23, 42, 21, 20, 28, 39, 28, 58, 33, 53, 22, 33, 93, 65, 65, 29, 15, 53, 23, 27, 38, 22, 37, 29, 28, 24, 51, 25, 45, 19, 32, 63, 50, 55, 23, 42, 66, 34, 55, 56, 44, 31, 13, 19, 66, 88, 40, 30, 21, 26, 61, 62, 28, 41, 57, 23, 41, 123, 63, 33, 105, 65, 18, 109, 20, 14, 44, 32, 49, 24, 32, 41, 40, 26, 22, 39, 33, 26, 26, 32, 25, 24, 21, 24, 40, 27, 20, 20, 31, 25]}, "source_self_loops_removed": 4, "observed": {"noninduced_feed_forward_loop": 490588, "induced_feed_forward_loop": 33551, "induced_3cycle": 4276}, "seeds": [0, 1, 2, 3, 4, 5, 6, 7, 8, 9, 10, 11, 12, 13, 14, 15, 16, 17, 18, 19]}
seed 0
seed 1
seed 2
seed 3
seed 4
seed 5
seed 6
seed 7
seed 8
seed 9
seed 10
seed 11
seed 12
seed 13
seed 14
seed 15
seed 16
seed 17
seed 18
seed 19
{
  "block_comparison": {
    "induced_3cycle": {
      "delta": -18252.65,
      "null_mean": 22528.65,
      "null_sd": 438.8594397922151,
      "observed": 4276,
      "standardized_delta": -41.59110718603206
    },
    "induced_feed_forward_loop": {
      "delta": -59426.55,
      "null_mean": 92977.55,
      "null_sd": 1331.4288515884375,
      "observed": 33551,
      "standardized_delta": -44.63366550086564
    },
    "noninduced_feed_forward_loop": {
      "delta": 138963.5,
      "null_mean": 351624.5,
      "null_sd": 893.6798849935615,
      "observed": 490588,
      "standardized_delta": 155.49583506738676
    }
  },
  "block_null_draws": [
    {
      "induced_3cycle": 21916,
      "induced_feed_forward_loop": 91970,
      "noninduced_feed_forward_loop": 351230
    },
    {
      "induced_3cycle": 23496,
      "induced_feed_forward_loop": 95504,
      "noninduced_feed_forward_loop": 350584
    },
    {
      "induced_3cycle": 22928,
      "induced_feed_forward_loop": 94459,
      "noninduced_feed_forward_loop": 350582
    },
    {
      "induced_3cycle": 22773,
      "induced_feed_forward_loop": 94112,
      "noninduced_feed_forward_loop": 352183
    },
    {
      "induced_3cycle": 22854,
      "induced_feed_forward_loop": 93119,
      "noninduced_feed_forward_loop": 350169
    },
    {
      "induced_3cycle": 22479,
      "induced_feed_forward_loop": 92191,
      "noninduced_feed_forward_loop": 350563
    },
    {
      "induced_3cycle": 22518,
      "induced_feed_forward_loop": 92606,
      "noninduced_feed_forward_loop": 351986
    },
    {
      "induced_3cycle": 22048,
      "induced_feed_forward_loop": 91715,
      "noninduced_feed_forward_loop": 351973
    },
    {
      "induced_3cycle": 22920,
      "induced_feed_forward_loop": 94453,
      "noninduced_feed_forward_loop": 351536
    },
    {
      "induced_3cycle": 22322,
      "induced_feed_forward_loop": 92265,
      "noninduced_feed_forward_loop": 351731
    },
    {
      "induced_3cycle": 22349,
      "induced_feed_forward_loop": 92795,
      "noninduced_feed_forward_loop": 351595
    },
    {
      "induced_3cycle": 22044,
      "induced_feed_forward_loop": 91451,
      "noninduced_feed_forward_loop": 353211
    },
    {
      "induced_3cycle": 22627,
      "induced_feed_forward_loop": 93328,
      "noninduced_feed_forward_loop": 351206
    },
    {
      "induced_3cycle": 22178,
      "induced_feed_forward_loop": 93041,
      "noninduced_feed_forward_loop": 352581
    },
    {
      "induced_3cycle": 22829,
      "induced_feed_forward_loop": 93873,
      "noninduced_feed_forward_loop": 352689
    },
    {
      "induced_3cycle": 23042,
      "induced_feed_forward_loop": 94466,
      "noninduced_feed_forward_loop": 352204
    },
    {
      "induced_3cycle": 22728,
      "induced_feed_forward_loop": 93919,
      "noninduced_feed_forward_loop": 349982
    },
    {
      "induced_3cycle": 22409,
      "induced_feed_forward_loop": 92272,
      "noninduced_feed_forward_loop": 351689
    },
    {
      "induced_3cycle": 22469,
      "induced_feed_forward_loop": 92247,
      "noninduced_feed_forward_loop": 352247
    },
    {
      "induced_3cycle": 21644,
      "induced_feed_forward_loop": 89765,
      "noninduced_feed_forward_loop": 352549
    }
  ],
  "claim_scope": "corrected unsigned-edge structural motif inventory only; no biological function, novelty, or ML transfer",
  "classification": "STRUCTURAL_MEASURED",
  "degree_comparison": {
    "induced_3cycle": {
      "delta": -28324.2,
      "null_mean": 32600.2,
      "null_sd": 618.9381909452077,
      "observed": 4276,
      "standardized_delta": -45.76256630204847
    },
    "induced_feed_forward_loop": {
      "delta": -81542.45,
      "null_mean": 115093.45,
      "null_sd": 1936.1172342440532,
      "observed": 33551,
      "standardized_delta": -42.11648373236955
    },
    "noninduced_feed_forward_loop": {
      "delta": 239831.8,
      "null_mean": 250756.2,
      "null_sd": 988.9078292423628,
      "observed": 490588,
      "standardized_delta": 242.52189426363788
    }
  },
  "degree_null_draws": [
    {
      "induced_3cycle": 33806,
      "induced_feed_forward_loop": 118176,
      "noninduced_feed_forward_loop": 251030
    },
    {
      "induced_3cycle": 32241,
      "induced_feed_forward_loop": 114825,
      "noninduced_feed_forward_loop": 250768
    },
    {
      "induced_3cycle": 32938,
      "induced_feed_forward_loop": 116856,
      "noninduced_feed_forward_loop": 250658
    },
    {
      "induced_3cycle": 32177,
      "induced_feed_forward_loop": 113236,
      "noninduced_feed_forward_loop": 250334
    },
    {
      "induced_3cycle": 33321,
      "induced_feed_forward_loop": 116354,
      "noninduced_feed_forward_loop": 249298
    },
    {
      "induced_3cycle": 31942,
      "induced_feed_forward_loop": 114189,
      "noninduced_feed_forward_loop": 250956
    },
    {
      "induced_3cycle": 32624,
      "induced_feed_forward_loop": 114866,
      "noninduced_feed_forward_loop": 251017
    },
    {
      "induced_3cycle": 33318,
      "induced_feed_forward_loop": 117839,
      "noninduced_feed_forward_loop": 249090
    },
    {
      "induced_3cycle": 32325,
      "induced_feed_forward_loop": 115763,
      "noninduced_feed_forward_loop": 250746
    },
    {
      "induced_3cycle": 32736,
      "induced_feed_forward_loop": 114522,
      "noninduced_feed_forward_loop": 251597
    },
    {
      "induced_3cycle": 33027,
      "induced_feed_forward_loop": 116502,
      "noninduced_feed_forward_loop": 251346
    },
    {
      "induced_3cycle": 32079,
      "induced_feed_forward_loop": 113464,
      "noninduced_feed_forward_loop": 249378
    },
    {
      "induced_3cycle": 31327,
      "induced_feed_forward_loop": 110976,
      "noninduced_feed_forward_loop": 252432
    },
    {
      "induced_3cycle": 32480,
      "induced_feed_forward_loop": 115378,
      "noninduced_feed_forward_loop": 251437
    },
    {
      "induced_3cycle": 31995,
      "induced_feed_forward_loop": 112989,
      "noninduced_feed_forward_loop": 249567
    },
    {
      "induced_3cycle": 32660,
      "induced_feed_forward_loop": 114581,
      "noninduced_feed_forward_loop": 250699
    },
    {
      "induced_3cycle": 32338,
      "induced_feed_forward_loop": 113060,
      "noninduced_feed_forward_loop": 253075
    },
    {
      "induced_3cycle": 32239,
      "induced_feed_forward_loop": 113940,
      "noninduced_feed_forward_loop": 250585
    },
    {
      "induced_3cycle": 33676,
      "induced_feed_forward_loop": 118557,
      "noninduced_feed_forward_loop": 250853
    },
    {
      "induced_3cycle": 32755,
      "induced_feed_forward_loop": 115796,
      "noninduced_feed_forward_loop": 250258
    }
  ],
  "experiment": "MOTIF-MINE-005",
  "graph_diag": {
    "duplicate_edges": 0,
    "in_degree": [
      15,
      21,
      102,
      25,
      39,
      60,
      6,
      77,
      58,
      73,
      236,
      57,
      12,
      43,
      75,
      49,
      89,
      21,
      210,
      17,
      45,
      59,
      116,
      50,
      93,
      66,
      38,
      40,
      45,
      49,
      21,
      65,
      172,
      69,
      59,
      34,
      20,
      78,
      50,
      59,
      6,
      96,
      44,
      34,
      38,
      22,
      61,
      44,
      32,
      17,
      21,
      132,
      21,
      31,
      45,
      153,
      31,
      78,
      87,
      177,
      113,
      26,
      25,
      37,
      64,
      57,
      31,
      36,
      44,
      33,
      40,
      41,
      5,
      30,
      53,
      20,
      34,
      27,
      62,
      57,
      60,
      27,
      32,
      36,
      16,
      16,
      241,
      39,
      8,
      105,
      33,
      78,
      77,
      40,
      13,
      54,
      52,
      34,
      26,
      29,
      31,
      13,
      32,
      33,
      27,
      28,
      67,
      88,
      80,
      20,
      49,
      70,
      54,
      46,
      45,
      50,
      61,
      28,
      17,
      48,
      20,
      60,
      33,
      78,
      15,
      22,
      77,
      37,
      42,
      7,
      153,
      107,
      12,
      22,
      150,
      42,
      29,
      15,
      15,
      21,
      49,
      18,
      29,
      28,
      22,
      57,
      30,
      91,
      36,
      23,
      58,
      19,
      35,
      46,
      45,
      50,
      30,
      50,
      60,
      47,
      19,
      86,
      31,
      107,
      48,
      36,
      47,
      42,
      60,
      69,
      95,
      33,
      85,
      48,
      29,
      85,
      85,
      44,
      67,
      44,
      46,
      20,
      87,
      44,
      46,
      42,
      151,
      33,
      35,
      65,
      135,
      35,
      26,
      24,
      47,
      114,
      38,
      13,
      59,
      26,
      17,
      50,
      140,
      31,
      47,
      39,
      14,
      60,
      42,
      21,
      59,
      148,
      32,
      33,
      33,
      47,
      38,
      31,
      25,
      28,
      31,
      63,
      136,
      36,
      31,
      36,
      47,
      14,
      69,
      26,
      61,
      85,
      25,
      38,
      37,
      35,
      44,
      74,
      48,
      88,
      74,
      27,
      27,
      14,
      36,
      108,
      43,
      49,
      26,
      115,
      23,
      81,
      119,
      12,
      31,
      27,
      19,
      17,
      58,
      75,
      105,
      18,
      34,
      16,
      31,
      50,
      41,
      33,
      79,
      44,
      95,
      110,
      120,
      43,
      26,
      61,
      49,
      37,
      26,
      106,
      31,
      75,
      30,
      45,
      27,
      34,
      122,
      12,
      17,
      9,
      76,
      17,
      98,
      12,
      24,
      6,
      27,
      30,
      91,
      39,
      36,
      106,
      41,
      9,
      35,
      40,
      6,
      89,
      75,
      48,
      99,
      127,
      41,
      18,
      87,
      5,
      19,
      84,
      41,
      26,
      14,
      18,
      75,
      42,
      9,
      26,
      26,
      89,
      21,
      82,
      44,
      41,
      37,
      75,
      30,
      109,
      12,
      6,
      37,
      34,
      30,
      99,
      40,
      22,
      19,
      78,
      21,
      11,
      17,
      47,
      17,
      32,
      18,
      75,
      38,
      31,
      32,
      18,
      32,
      85,
      31,
      22,
      50,
      16,
      19,
      52,
      7,
      19,
      35,
      37,
      62,
      11,
      26,
      29,
      103,
      23,
      19,
      25,
      30,
      51,
      28,
      17,
      50,
      37,
      31,
      34,
      32,
      18,
      32,
      16,
      26,
      14,
      30,
      31,
      60,
      34,
      46,
      53,
      21,
      63,
      99,
      20,
      41,
      38,
      44,
      29,
      26,
      98,
      26,
      23,
      38,
      24,
      18,
      23,
      25,
      69,
      24,
      68,
      34,
      64,
      18,
      73,
      108,
      90,
      84,
      43,
      8,
      38,
      15,
      18,
      23,
      36,
      32,
      24,
      34,
      19,
      39,
      20,
      87,
      20,
      40,
      80,
      73,
      73,
      20,
      43,
      44,
      86,
      79,
      49,
      52,
      30,
      14,
      17,
      89,
      133,
      43,
      38,
      13,
      14,
      64,
      87,
      16,
      45,
      46,
      17,
      53,
      206,
      105,
      18,
      146,
      30,
      17,
      132,
      9,
      33,
      67,
      23,
      26,
      16,
      16,
      40,
      49,
      40,
      9,
      43,
      43,
      22,
      20,
      37,
      26,
      20,
      23,
      24,
      40,
      18,
      25,
      8,
      25,
      36
    ],
    "n_edges": 23704,
    "n_nodes": 500,
    "out_degree": [
      34,
      32,
      122,
      37,
      55,
      61,
      9,
      80,
      77,
      86,
      156,
      61,
      53,
      52,
      90,
      49,
      68,
      35,
      145,
      21,
      70,
      56,
      133,
      102,
      73,
      75,
      44,
      94,
      52,
      49,
      20,
      71,
      111,
      99,
      90,
      68,
      29,
      69,
      54,
      68,
      11,
      87,
      57,
      46,
      56,
      21,
      64,
      76,
      59,
      25,
      55,
      100,
      22,
      43,
      46,
      100,
      30,
      67,
      78,
      128,
      82,
      36,
      44,
      62,
      82,
      51,
      38,
      38,
      72,
      45,
      54,
      51,
      10,
      40,
      62,
      21,
      70,
      31,
      103,
      60,
      65,
      23,
      45,
      37,
      23,
      45,
      172,
      32,
      13,
      82,
      81,
      86,
      53,
      66,
      24,
      57,
      72,
      49,
      36,
      46,
      44,
      18,
      52,
      68,
      64,
      37,
      67,
      95,
      67,
      29,
      48,
      59,
      53,
      35,
      40,
      53,
      46,
      38,
      53,
      53,
      22,
      28,
      49,
      54,
      25,
      64,
      81,
      49,
      83,
      9,
      117,
      58,
      16,
      37,
      83,
      56,
      34,
      13,
      40,
      23,
      52,
      20,
      36,
      29,
      94,
      56,
      17,
      60,
      44,
      18,
      74,
      25,
      41,
      45,
      58,
      45,
      40,
      51,
      37,
      39,
      44,
      61,
      41,
      77,
      45,
      77,
      53,
      56,
      76,
      83,
      61,
      52,
      66,
      54,
      76,
      66,
      74,
      58,
      70,
      55,
      61,
      42,
      74,
      63,
      41,
      65,
      104,
      52,
      36,
      71,
      85,
      26,
      71,
      70,
      46,
      54,
      60,
      17,
      45,
      29,
      17,
      43,
      103,
      22,
      59,
      54,
      13,
      66,
      43,
      33,
      62,
      109,
      40,
      53,
      20,
      55,
      50,
      20,
      31,
      42,
      44,
      36,
      81,
      60,
      40,
      42,
      47,
      17,
      67,
      16,
      50,
      63,
      39,
      50,
      45,
      30,
      59,
      62,
      55,
      99,
      43,
      36,
      39,
      20,
      31,
      63,
      55,
      50,
      66,
      93,
      21,
      68,
      65,
      15,
      101,
      29,
      28,
      19,
      38,
      55,
      97,
      22,
      37,
      17,
      64,
      40,
      28,
      44,
      74,
      34,
      84,
      54,
      63,
      34,
      32,
      56,
      34,
      47,
      49,
      103,
      41,
      71,
      44,
      56,
      55,
      37,
      60,
      16,
      16,
      34,
      47,
      20,
      58,
      12,
      25,
      12,
      29,
      51,
      69,
      38,
      32,
      101,
      36,
      13,
      34,
      36,
      15,
      62,
      73,
      43,
      79,
      67,
      50,
      22,
      52,
      13,
      29,
      55,
      41,
      32,
      15,
      22,
      46,
      53,
      11,
      35,
      27,
      40,
      16,
      64,
      48,
      44,
      59,
      53,
      32,
      88,
      34,
      21,
      55,
      37,
      62,
      63,
      46,
      21,
      22,
      59,
      24,
      15,
      20,
      33,
      21,
      48,
      21,
      45,
      38,
      54,
      32,
      25,
      35,
      70,
      46,
      32,
      42,
      30,
      23,
      52,
      17,
      21,
      42,
      39,
      50,
      21,
      27,
      36,
      72,
      38,
      27,
      30,
      35,
      45,
      25,
      23,
      42,
      40,
      34,
      34,
      38,
      21,
      39,
      25,
      21,
      19,
      31,
      34,
      32,
      31,
      47,
      36,
      23,
      66,
      81,
      27,
      51,
      17,
      22,
      29,
      40,
      70,
      24,
      36,
      23,
      42,
      21,
      20,
      28,
      39,
      28,
      58,
      33,
      53,
      22,
      33,
      93,
      65,
      65,
      29,
      15,
      53,
      23,
      27,
      38,
      22,
      37,
      29,
      28,
      24,
      51,
      25,
      45,
      19,
      32,
      63,
      50,
      55,
      23,
      42,
      66,
      34,
      55,
      56,
      44,
      31,
      13,
      19,
      66,
      88,
      40,
      30,
      21,
      26,
      61,
      62,
      28,
      41,
      57,
      23,
      41,
      123,
      63,
      33,
      105,
      65,
      18,
      109,
      20,
      14,
      44,
      32,
      49,
      24,
      32,
      41,
      40,
      26,
      22,
      39,
      33,
      26,
      26,
      32,
      25,
      24,
      21,
      24,
      40,
      27,
      20,
      20,
      31,
      25
    ],
    "self_loops": 0
  },
  "mode": "full",
  "observed": {
    "induced_3cycle": 4276,
    "induced_feed_forward_loop": 33551,
    "noninduced_feed_forward_loop": 490588
  },
  "seeds_completed": [
    0,
    1,
    2,
    3,
    4,
    5,
    6,
    7,
    8,
    9,
    10,
    11,
    12,
    13,
    14,
    15,
    16,
    17,
    18,
    19
  ],
  "source_self_loops_removed": 4
}
WROTE /home/ubuntu/fly-lab/research/results/MOTIF-MINE-005/FULL_20260916T212407Z_2ddf9b49748e/summary.json
