{"outdir": "/home/ubuntu/fly-lab/research/results/MOTIF-MINE-003/FULL_20260916T203935Z_2ddf9b49748e", "mode": "full", "graph_diag": {"n_nodes": 500, "n_edges": 9469, "self_loops": 0, "duplicate_edges": 0, "in_degree": [19, 20, 57, 19, 26, 17, 3, 27, 31, 30, 82, 27, 22, 29, 30, 10, 29, 18, 62, 16, 36, 20, 70, 39, 29, 36, 27, 38, 20, 36, 8, 16, 45, 45, 44, 31, 13, 24, 24, 29, 5, 43, 27, 19, 23, 8, 16, 33, 15, 11, 27, 37, 7, 14, 14, 39, 9, 27, 30, 47, 39, 19, 15, 20, 28, 29, 16, 16, 27, 14, 21, 17, 4, 17, 16, 10, 28, 14, 46, 33, 42, 12, 14, 15, 17, 22, 85, 12, 3, 23, 23, 28, 20, 22, 14, 12, 37, 17, 13, 19, 10, 13, 19, 26, 27, 11, 37, 29, 29, 13, 20, 26, 23, 7, 16, 25, 22, 17, 25, 24, 8, 11, 15, 17, 11, 26, 26, 17, 28, 5, 45, 26, 11, 18, 34, 15, 16, 9, 15, 10, 9, 9, 18, 13, 31, 16, 9, 23, 12, 15, 32, 9, 25, 18, 27, 17, 11, 19, 7, 20, 19, 21, 18, 39, 13, 27, 21, 29, 32, 29, 25, 16, 26, 21, 23, 24, 29, 18, 25, 14, 17, 18, 33, 21, 8, 23, 40, 20, 15, 32, 37, 14, 31, 27, 19, 18, 17, 5, 19, 14, 4, 16, 41, 12, 20, 19, 11, 27, 13, 8, 24, 37, 14, 23, 10, 19, 15, 10, 11, 19, 11, 10, 29, 18, 16, 21, 11, 11, 27, 7, 20, 26, 17, 18, 16, 10, 23, 18, 21, 31, 12, 14, 12, 6, 8, 26, 27, 26, 23, 52, 6, 32, 23, 4, 32, 11, 8, 7, 15, 23, 43, 7, 15, 8, 22, 14, 6, 15, 39, 5, 29, 20, 23, 14, 14, 21, 18, 16, 16, 51, 10, 31, 18, 19, 23, 16, 27, 11, 3, 12, 11, 8, 24, 4, 7, 5, 12, 22, 32, 11, 9, 45, 20, 5, 9, 8, 5, 24, 39, 5, 30, 25, 21, 8, 18, 5, 15, 25, 19, 8, 8, 8, 16, 25, 5, 14, 16, 16, 4, 20, 10, 18, 26, 26, 19, 45, 17, 5, 25, 16, 28, 24, 20, 9, 7, 21, 13, 10, 7, 13, 7, 21, 13, 17, 14, 25, 20, 14, 23, 24, 20, 16, 12, 13, 11, 27, 8, 8, 18, 23, 22, 18, 12, 12, 31, 22, 12, 13, 18, 17, 13, 9, 18, 21, 19, 12, 21, 14, 22, 10, 8, 9, 18, 9, 11, 17, 19, 15, 8, 26, 28, 8, 18, 12, 8, 11, 14, 31, 13, 10, 9, 12, 5, 2, 10, 15, 14, 25, 18, 19, 8, 8, 43, 27, 19, 8, 6, 17, 8, 15, 16, 10, 14, 10, 13, 12, 14, 7, 19, 7, 18, 27, 15, 21, 7, 14, 22, 10, 25, 11, 17, 13, 10, 9, 23, 28, 17, 12, 10, 12, 20, 22, 7, 16, 22, 7, 12, 50, 25, 21, 36, 32, 12, 42, 5, 5, 21, 13, 19, 10, 12, 17, 15, 11, 9, 15, 12, 8, 7, 11, 10, 10, 4, 5, 14, 14, 5, 11, 9, 9], "out_degree": [15, 21, 0, 25, 0, 60, 0, 0, 58, 73, 0, 57, 12, 0, 75, 49, 89, 21, 210, 17, 0, 59, 0, 50, 0, 0, 38, 40, 45, 49, 0, 65, 0, 0, 0, 34, 20, 0, 0, 0, 0, 0, 0, 0, 38, 22, 61, 0, 32, 17, 0, 0, 21, 0, 45, 0, 0, 0, 87, 0, 0, 26, 0, 0, 64, 0, 31, 0, 44, 33, 0, 41, 0, 30, 53, 0, 34, 0, 62, 0, 0, 27, 0, 36, 16, 0, 0, 39, 0, 105, 33, 78, 0, 40, 13, 54, 52, 0, 26, 0, 31, 13, 0, 33, 27, 28, 0, 88, 80, 20, 0, 0, 0, 0, 45, 50, 0, 28, 17, 0, 20, 0, 33, 0, 15, 22, 77, 37, 42, 0, 0, 107, 12, 22, 0, 42, 29, 15, 15, 0, 49, 0, 0, 28, 22, 57, 30, 0, 36, 23, 58, 19, 35, 46, 45, 0, 30, 0, 60, 0, 0, 0, 31, 107, 48, 36, 47, 42, 60, 69, 0, 33, 0, 0, 29, 0, 0, 44, 67, 44, 0, 0, 0, 44, 46, 42, 0, 0, 35, 65, 0, 35, 26, 24, 0, 0, 0, 0, 59, 26, 0, 0, 0, 31, 47, 39, 14, 0, 0, 21, 0, 0, 32, 33, 33, 47, 38, 31, 25, 0, 31, 63, 0, 36, 0, 0, 47, 14, 0, 26, 61, 0, 0, 38, 0, 35, 0, 0, 0, 88, 0, 27, 27, 0, 36, 0, 0, 0, 26, 0, 23, 0, 0, 0, 31, 0, 19, 17, 58, 0, 0, 18, 0, 0, 0, 0, 0, 33, 0, 0, 0, 0, 0, 0, 26, 0, 0, 0, 26, 0, 31, 0, 0, 45, 27, 0, 0, 12, 0, 0, 0, 0, 0, 0, 0, 0, 0, 0, 0, 39, 0, 0, 0, 0, 35, 40, 0, 0, 0, 48, 0, 0, 0, 18, 0, 0, 19, 0, 0, 26, 14, 18, 0, 42, 0, 0, 26, 0, 0, 0, 44, 0, 37, 0, 30, 0, 12, 6, 37, 0, 30, 0, 40, 22, 19, 0, 21, 11, 17, 0, 17, 32, 18, 0, 38, 31, 32, 18, 32, 0, 31, 22, 0, 0, 19, 0, 0, 19, 35, 37, 0, 11, 26, 0, 0, 23, 19, 25, 30, 0, 28, 17, 0, 37, 31, 34, 32, 18, 32, 16, 26, 14, 30, 0, 0, 34, 46, 53, 21, 0, 99, 0, 41, 38, 0, 0, 26, 0, 26, 23, 0, 24, 18, 23, 0, 0, 24, 0, 34, 0, 18, 73, 0, 0, 0, 0, 0, 0, 0, 18, 23, 0, 32, 0, 0, 0, 0, 20, 0, 20, 0, 0, 0, 73, 0, 0, 44, 0, 0, 49, 0, 30, 14, 17, 0, 0, 43, 38, 0, 0, 0, 0, 16, 0, 0, 0, 53, 206, 105, 18, 0, 0, 17, 0, 9, 33, 67, 23, 26, 16, 16, 0, 0, 0, 9, 0, 0, 0, 0, 0, 0, 0, 0, 0, 0, 0, 0, 8, 25, 0]}, "observed": {"induced_3cycle": 354, "induced_feed_forward_loop": 15740}, "seeds": [0, 1, 2, 3, 4, 5, 6, 7, 8, 9, 10, 11, 12, 13, 14, 15, 16, 17, 18, 19]}
seed 0
seed 1
seed 2
seed 3
seed 4
seed 5
seed 6
seed 7
seed 8
seed 9
seed 10
seed 11
seed 12
seed 13
seed 14
seed 15
seed 16
seed 17
seed 18
seed 19
{
  "block_comparison": {
    "induced_3cycle": {
      "delta": -1212.1,
      "null_mean": 1566.1,
      "null_sd": 69.25080276943024,
      "observed": 354,
      "standardized_delta": -17.50304619623939
    },
    "induced_feed_forward_loop": {
      "delta": -6933.049999999999,
      "null_mean": 22673.05,
      "null_sd": 383.730644977355,
      "observed": 15740,
      "standardized_delta": -18.0674910663159
    }
  },
  "block_null_draws": [
    {
      "induced_3cycle": 1683,
      "induced_feed_forward_loop": 22969
    },
    {
      "induced_3cycle": 1662,
      "induced_feed_forward_loop": 22898
    },
    {
      "induced_3cycle": 1515,
      "induced_feed_forward_loop": 22581
    },
    {
      "induced_3cycle": 1476,
      "induced_feed_forward_loop": 21853
    },
    {
      "induced_3cycle": 1560,
      "induced_feed_forward_loop": 22751
    },
    {
      "induced_3cycle": 1572,
      "induced_feed_forward_loop": 22562
    },
    {
      "induced_3cycle": 1607,
      "induced_feed_forward_loop": 22471
    },
    {
      "induced_3cycle": 1508,
      "induced_feed_forward_loop": 22338
    },
    {
      "induced_3cycle": 1584,
      "induced_feed_forward_loop": 22913
    },
    {
      "induced_3cycle": 1556,
      "induced_feed_forward_loop": 22974
    },
    {
      "induced_3cycle": 1480,
      "induced_feed_forward_loop": 22548
    },
    {
      "induced_3cycle": 1706,
      "induced_feed_forward_loop": 23494
    },
    {
      "induced_3cycle": 1514,
      "induced_feed_forward_loop": 22559
    },
    {
      "induced_3cycle": 1671,
      "induced_feed_forward_loop": 22948
    },
    {
      "induced_3cycle": 1487,
      "induced_feed_forward_loop": 22597
    },
    {
      "induced_3cycle": 1584,
      "induced_feed_forward_loop": 22678
    },
    {
      "induced_3cycle": 1568,
      "induced_feed_forward_loop": 22370
    },
    {
      "induced_3cycle": 1508,
      "induced_feed_forward_loop": 21934
    },
    {
      "induced_3cycle": 1538,
      "induced_feed_forward_loop": 22949
    },
    {
      "induced_3cycle": 1543,
      "induced_feed_forward_loop": 23074
    }
  ],
  "claim_scope": "induced structural motif control only; no biological function, novelty, or ML transfer",
  "classification": "STRUCTURAL_MEASURED",
  "degree_comparison": {
    "induced_3cycle": {
      "delta": -1380.15,
      "null_mean": 1734.15,
      "null_sd": 78.59441188117236,
      "observed": 354,
      "standardized_delta": -17.560408774184378
    },
    "induced_feed_forward_loop": {
      "delta": -3213.0999999999985,
      "null_mean": 18953.1,
      "null_sd": 266.9985018684562,
      "observed": 15740,
      "standardized_delta": -12.034149920373023
    }
  },
  "degree_null_draws": [
    {
      "induced_3cycle": 1717,
      "induced_feed_forward_loop": 19143
    },
    {
      "induced_3cycle": 1785,
      "induced_feed_forward_loop": 19253
    },
    {
      "induced_3cycle": 1636,
      "induced_feed_forward_loop": 18767
    },
    {
      "induced_3cycle": 1833,
      "induced_feed_forward_loop": 19004
    },
    {
      "induced_3cycle": 1623,
      "induced_feed_forward_loop": 18109
    },
    {
      "induced_3cycle": 1802,
      "induced_feed_forward_loop": 19355
    },
    {
      "induced_3cycle": 1817,
      "induced_feed_forward_loop": 19229
    },
    {
      "induced_3cycle": 1711,
      "induced_feed_forward_loop": 18861
    },
    {
      "induced_3cycle": 1595,
      "induced_feed_forward_loop": 18780
    },
    {
      "induced_3cycle": 1805,
      "induced_feed_forward_loop": 18839
    },
    {
      "induced_3cycle": 1782,
      "induced_feed_forward_loop": 18963
    },
    {
      "induced_3cycle": 1747,
      "induced_feed_forward_loop": 19140
    },
    {
      "induced_3cycle": 1570,
      "induced_feed_forward_loop": 18670
    },
    {
      "induced_3cycle": 1677,
      "induced_feed_forward_loop": 19075
    },
    {
      "induced_3cycle": 1733,
      "induced_feed_forward_loop": 19141
    },
    {
      "induced_3cycle": 1798,
      "induced_feed_forward_loop": 18905
    },
    {
      "induced_3cycle": 1790,
      "induced_feed_forward_loop": 19073
    },
    {
      "induced_3cycle": 1740,
      "induced_feed_forward_loop": 18901
    },
    {
      "induced_3cycle": 1711,
      "induced_feed_forward_loop": 18885
    },
    {
      "induced_3cycle": 1811,
      "induced_feed_forward_loop": 18969
    }
  ],
  "experiment": "MOTIF-MINE-003",
  "graph_diag": {
    "duplicate_edges": 0,
    "in_degree": [
      19,
      20,
      57,
      19,
      26,
      17,
      3,
      27,
      31,
      30,
      82,
      27,
      22,
      29,
      30,
      10,
      29,
      18,
      62,
      16,
      36,
      20,
      70,
      39,
      29,
      36,
      27,
      38,
      20,
      36,
      8,
      16,
      45,
      45,
      44,
      31,
      13,
      24,
      24,
      29,
      5,
      43,
      27,
      19,
      23,
      8,
      16,
      33,
      15,
      11,
      27,
      37,
      7,
      14,
      14,
      39,
      9,
      27,
      30,
      47,
      39,
      19,
      15,
      20,
      28,
      29,
      16,
      16,
      27,
      14,
      21,
      17,
      4,
      17,
      16,
      10,
      28,
      14,
      46,
      33,
      42,
      12,
      14,
      15,
      17,
      22,
      85,
      12,
      3,
      23,
      23,
      28,
      20,
      22,
      14,
      12,
      37,
      17,
      13,
      19,
      10,
      13,
      19,
      26,
      27,
      11,
      37,
      29,
      29,
      13,
      20,
      26,
      23,
      7,
      16,
      25,
      22,
      17,
      25,
      24,
      8,
      11,
      15,
      17,
      11,
      26,
      26,
      17,
      28,
      5,
      45,
      26,
      11,
      18,
      34,
      15,
      16,
      9,
      15,
      10,
      9,
      9,
      18,
      13,
      31,
      16,
      9,
      23,
      12,
      15,
      32,
      9,
      25,
      18,
      27,
      17,
      11,
      19,
      7,
      20,
      19,
      21,
      18,
      39,
      13,
      27,
      21,
      29,
      32,
      29,
      25,
      16,
      26,
      21,
      23,
      24,
      29,
      18,
      25,
      14,
      17,
      18,
      33,
      21,
      8,
      23,
      40,
      20,
      15,
      32,
      37,
      14,
      31,
      27,
      19,
      18,
      17,
      5,
      19,
      14,
      4,
      16,
      41,
      12,
      20,
      19,
      11,
      27,
      13,
      8,
      24,
      37,
      14,
      23,
      10,
      19,
      15,
      10,
      11,
      19,
      11,
      10,
      29,
      18,
      16,
      21,
      11,
      11,
      27,
      7,
      20,
      26,
      17,
      18,
      16,
      10,
      23,
      18,
      21,
      31,
      12,
      14,
      12,
      6,
      8,
      26,
      27,
      26,
      23,
      52,
      6,
      32,
      23,
      4,
      32,
      11,
      8,
      7,
      15,
      23,
      43,
      7,
      15,
      8,
      22,
      14,
      6,
      15,
      39,
      5,
      29,
      20,
      23,
      14,
      14,
      21,
      18,
      16,
      16,
      51,
      10,
      31,
      18,
      19,
      23,
      16,
      27,
      11,
      3,
      12,
      11,
      8,
      24,
      4,
      7,
      5,
      12,
      22,
      32,
      11,
      9,
      45,
      20,
      5,
      9,
      8,
      5,
      24,
      39,
      5,
      30,
      25,
      21,
      8,
      18,
      5,
      15,
      25,
      19,
      8,
      8,
      8,
      16,
      25,
      5,
      14,
      16,
      16,
      4,
      20,
      10,
      18,
      26,
      26,
      19,
      45,
      17,
      5,
      25,
      16,
      28,
      24,
      20,
      9,
      7,
      21,
      13,
      10,
      7,
      13,
      7,
      21,
      13,
      17,
      14,
      25,
      20,
      14,
      23,
      24,
      20,
      16,
      12,
      13,
      11,
      27,
      8,
      8,
      18,
      23,
      22,
      18,
      12,
      12,
      31,
      22,
      12,
      13,
      18,
      17,
      13,
      9,
      18,
      21,
      19,
      12,
      21,
      14,
      22,
      10,
      8,
      9,
      18,
      9,
      11,
      17,
      19,
      15,
      8,
      26,
      28,
      8,
      18,
      12,
      8,
      11,
      14,
      31,
      13,
      10,
      9,
      12,
      5,
      2,
      10,
      15,
      14,
      25,
      18,
      19,
      8,
      8,
      43,
      27,
      19,
      8,
      6,
      17,
      8,
      15,
      16,
      10,
      14,
      10,
      13,
      12,
      14,
      7,
      19,
      7,
      18,
      27,
      15,
      21,
      7,
      14,
      22,
      10,
      25,
      11,
      17,
      13,
      10,
      9,
      23,
      28,
      17,
      12,
      10,
      12,
      20,
      22,
      7,
      16,
      22,
      7,
      12,
      50,
      25,
      21,
      36,
      32,
      12,
      42,
      5,
      5,
      21,
      13,
      19,
      10,
      12,
      17,
      15,
      11,
      9,
      15,
      12,
      8,
      7,
      11,
      10,
      10,
      4,
      5,
      14,
      14,
      5,
      11,
      9,
      9
    ],
    "n_edges": 9469,
    "n_nodes": 500,
    "out_degree": [
      15,
      21,
      0,
      25,
      0,
      60,
      0,
      0,
      58,
      73,
      0,
      57,
      12,
      0,
      75,
      49,
      89,
      21,
      210,
      17,
      0,
      59,
      0,
      50,
      0,
      0,
      38,
      40,
      45,
      49,
      0,
      65,
      0,
      0,
      0,
      34,
      20,
      0,
      0,
      0,
      0,
      0,
      0,
      0,
      38,
      22,
      61,
      0,
      32,
      17,
      0,
      0,
      21,
      0,
      45,
      0,
      0,
      0,
      87,
      0,
      0,
      26,
      0,
      0,
      64,
      0,
      31,
      0,
      44,
      33,
      0,
      41,
      0,
      30,
      53,
      0,
      34,
      0,
      62,
      0,
      0,
      27,
      0,
      36,
      16,
      0,
      0,
      39,
      0,
      105,
      33,
      78,
      0,
      40,
      13,
      54,
      52,
      0,
      26,
      0,
      31,
      13,
      0,
      33,
      27,
      28,
      0,
      88,
      80,
      20,
      0,
      0,
      0,
      0,
      45,
      50,
      0,
      28,
      17,
      0,
      20,
      0,
      33,
      0,
      15,
      22,
      77,
      37,
      42,
      0,
      0,
      107,
      12,
      22,
      0,
      42,
      29,
      15,
      15,
      0,
      49,
      0,
      0,
      28,
      22,
      57,
      30,
      0,
      36,
      23,
      58,
      19,
      35,
      46,
      45,
      0,
      30,
      0,
      60,
      0,
      0,
      0,
      31,
      107,
      48,
      36,
      47,
      42,
      60,
      69,
      0,
      33,
      0,
      0,
      29,
      0,
      0,
      44,
      67,
      44,
      0,
      0,
      0,
      44,
      46,
      42,
      0,
      0,
      35,
      65,
      0,
      35,
      26,
      24,
      0,
      0,
      0,
      0,
      59,
      26,
      0,
      0,
      0,
      31,
      47,
      39,
      14,
      0,
      0,
      21,
      0,
      0,
      32,
      33,
      33,
      47,
      38,
      31,
      25,
      0,
      31,
      63,
      0,
      36,
      0,
      0,
      47,
      14,
      0,
      26,
      61,
      0,
      0,
      38,
      0,
      35,
      0,
      0,
      0,
      88,
      0,
      27,
      27,
      0,
      36,
      0,
      0,
      0,
      26,
      0,
      23,
      0,
      0,
      0,
      31,
      0,
      19,
      17,
      58,
      0,
      0,
      18,
      0,
      0,
      0,
      0,
      0,
      33,
      0,
      0,
      0,
      0,
      0,
      0,
      26,
      0,
      0,
      0,
      26,
      0,
      31,
      0,
      0,
      45,
      27,
      0,
      0,
      12,
      0,
      0,
      0,
      0,
      0,
      0,
      0,
      0,
      0,
      0,
      0,
      39,
      0,
      0,
      0,
      0,
      35,
      40,
      0,
      0,
      0,
      48,
      0,
      0,
      0,
      18,
      0,
      0,
      19,
      0,
      0,
      26,
      14,
      18,
      0,
      42,
      0,
      0,
      26,
      0,
      0,
      0,
      44,
      0,
      37,
      0,
      30,
      0,
      12,
      6,
      37,
      0,
      30,
      0,
      40,
      22,
      19,
      0,
      21,
      11,
      17,
      0,
      17,
      32,
      18,
      0,
      38,
      31,
      32,
      18,
      32,
      0,
      31,
      22,
      0,
      0,
      19,
      0,
      0,
      19,
      35,
      37,
      0,
      11,
      26,
      0,
      0,
      23,
      19,
      25,
      30,
      0,
      28,
      17,
      0,
      37,
      31,
      34,
      32,
      18,
      32,
      16,
      26,
      14,
      30,
      0,
      0,
      34,
      46,
      53,
      21,
      0,
      99,
      0,
      41,
      38,
      0,
      0,
      26,
      0,
      26,
      23,
      0,
      24,
      18,
      23,
      0,
      0,
      24,
      0,
      34,
      0,
      18,
      73,
      0,
      0,
      0,
      0,
      0,
      0,
      0,
      18,
      23,
      0,
      32,
      0,
      0,
      0,
      0,
      20,
      0,
      20,
      0,
      0,
      0,
      73,
      0,
      0,
      44,
      0,
      0,
      49,
      0,
      30,
      14,
      17,
      0,
      0,
      43,
      38,
      0,
      0,
      0,
      0,
      16,
      0,
      0,
      0,
      53,
      206,
      105,
      18,
      0,
      0,
      17,
      0,
      9,
      33,
      67,
      23,
      26,
      16,
      16,
      0,
      0,
      0,
      9,
      0,
      0,
      0,
      0,
      0,
      0,
      0,
      0,
      0,
      0,
      0,
      0,
      8,
      25,
      0
    ],
    "self_loops": 0
  },
  "mode": "full",
  "observed": {
    "induced_3cycle": 354,
    "induced_feed_forward_loop": 15740
  },
  "seeds_completed": [
    0,
    1,
    2,
    3,
    4,
    5,
    6,
    7,
    8,
    9,
    10,
    11,
    12,
    13,
    14,
    15,
    16,
    17,
    18,
    19
  ]
}
WROTE /home/ubuntu/fly-lab/research/results/MOTIF-MINE-003/FULL_20260916T203935Z_2ddf9b49748e/summary.json
