{"gain_grid": [0.05, 0.12574334296829354, 0.31622776601683794, 0.7952707287670507, 2.0000000000000004, 5.029733718731743, 12.64911064067352, 31.810829150682036, 80.0], "outdir": "/home/ubuntu/fly-lab/research/results/ROUTING-002/FULL_20260916T200427Z_2ddf9b49748e", "selected_labels": ["cb_intrinsic", "ol_intrinsic"]}
seed 0
seed 1
seed 2
seed 3
seed 4
seed 5
seed 6
seed 7
seed 8
seed 9
seed 10
seed 11
{
  "arms": {
    "block_preserving": {
      "mean_closest_absolute_rate_error": 0.000400268206908832,
      "mean_max_grid_rate": 0.1831652866809117,
      "n_seeds": 12,
      "target_reachable_by_seed": [
        false,
        false,
        true,
        false,
        false,
        false,
        true,
        true,
        true,
        false,
        true,
        false
      ],
      "target_reachable_count": 5
    },
    "connectome_signed": {
      "mean_closest_absolute_rate_error": 0.0005699341168091169,
      "mean_max_grid_rate": 0.015227141203703706,
      "n_seeds": 12,
      "target_reachable_by_seed": [
        false,
        false,
        false,
        false,
        false,
        false,
        false,
        false,
        false,
        false,
        false,
        false
      ],
      "target_reachable_count": 0
    },
    "degree_preserving": {
      "mean_closest_absolute_rate_error": 0.0008367053952991454,
      "mean_max_grid_rate": 0.26948464765847574,
      "n_seeds": 12,
      "target_reachable_by_seed": [
        true,
        false,
        false,
        false,
        false,
        false,
        false,
        false,
        false,
        false,
        false,
        false
      ],
      "target_reachable_count": 1
    }
  },
  "classification": "CALIBRATION_ONLY",
  "experiment": "ROUTING-002",
  "seeds_completed": [
    0,
    1,
    2,
    3,
    4,
    5,
    6,
    7,
    8,
    9,
    10,
    11
  ]
}
WROTE /home/ubuntu/fly-lab/research/results/ROUTING-002/FULL_20260916T200427Z_2ddf9b49748e/summary.json
